<html>
<body>
<pre>
<h1>µVision Build Log</h1>
<h2>Tool Versions:</h2>
IDE-Version: µVision V5.32.0.0
Copyright (C) 2020 ARM Ltd and ARM Germany GmbH. All rights reserved.
License Information: simon barotte, none, LIC=----
 
Tool Versions:
Toolchain:       MDK-Lite  Version: 5.32.0.0
Toolchain Path:  C:\Keil_v5\ARM\ARMCLANG\Bin
C Compiler:      ArmClang.exe V6.14.1
Assembler:       Armasm.exe V6.14.1
Linker/Locator:  ArmLink.exe V6.14.1
Library Manager: ArmAr.exe V6.14.1
Hex Converter:   FromElf.exe V6.14.1
CPU DLL:         SARMCM3.DLL V5.32.0.0
Dialog DLL:      DARMSTM.DLL V1.68.0.0
Target DLL:      UL2CM3.DLL V1.163.9.0
Dialog DLL:      TARMSTM.DLL V1.66.0.0
 
<h2>Project:</h2>
C:\Users\sbaro\Documents\GitHub\reflex_wall_STM32\reflex.uvprojx
Project File Date:  10/14/2020

<h2>Output:</h2>
*** Using Compiler 'V6.14.1', folder: 'C:\Keil_v5\ARM\ARMCLANG\Bin'
Rebuild target 'Simule'
compiling main.c...
main.c(1): warning: In file included from...
./function.h(23): warning: no newline at end of file [-Wnewline-eof]
void send_char(char data);
                          ^
main.c(23): warning: 'return' will never be executed [-Wunreachable-code-return]
        return 0;
               ^
2 warnings generated.
compiling function.c...
function.c(1): warning: In file included from...
./function.h(23): warning: no newline at end of file [-Wnewline-eof]
void send_char(char data);
                          ^
function.c(7): warning: no previous extern declaration for non-static variable 'STEP' [-Wmissing-variable-declarations]
int STEP = STEP_1_START;
    ^
function.c(7): note: declare 'static' if the variable is not intended to be used outside of this translation unit
int STEP = STEP_1_START;
^
function.c(8): warning: no previous extern declaration for non-static variable 'SUCCES' [-Wmissing-variable-declarations]
int SUCCES = 0;
    ^
function.c(8): note: declare 'static' if the variable is not intended to be used outside of this translation unit
int SUCCES = 0;
^
function.c(10): warning: no previous extern declaration for non-static variable 'TIME_LED_ON' [-Wmissing-variable-declarations]
const int TIME_LED_ON = 2999;
          ^
function.c(10): note: declare 'static' if the variable is not intended to be used outside of this translation unit
const int TIME_LED_ON = 2999;
      ^
function.c(25): warning: implicit conversion changes signedness: 'int' to 'unsigned int' [-Wsign-conversion]
        GPIOA->CRL &= ~(0xF << 20);
                   ~~ ^~~~~~~~~~~~
function.c(29): warning: implicit conversion changes signedness: 'int' to 'unsigned int' [-Wsign-conversion]
        GPIOA->CRH &= ~(0xF << 4);
                   ~~ ^~~~~~~~~~~
function.c(39): warning: implicit conversion changes signedness: 'int' to 'unsigned int' [-Wsign-conversion]
        GPIOC->CRH &= ~(0xF << 20);
                   ~~ ^~~~~~~~~~~~
function.c(62): warning: implicit conversion loses integer precision: 'int' to 'uint16_t' (aka 'unsigned short') [-Wimplicit-int-conversion]
        TIM->ARR = arr;
                 ~ ^~~
function.c(63): warning: implicit conversion loses integer precision: 'int' to 'uint16_t' (aka 'unsigned short') [-Wimplicit-int-conversion]
        TIM->PSC = psc;
                 ~ ^~~
function.c(141): warning: implicit conversion loses integer precision: 'int' to 'char' [-Wimplicit-int-conversion]
                        send_char(SUCCES);
                        ~~~~~~~~~ ^~~~~~
function.c(143): warning: implicitly declaring library function 'log10' with type 'double (double)' [-Wimplicit-function-declaration]
                        int n = log10(SUCCES) + 1;
                                ^
function.c(143): note: include the header <math.h> or explicitly provide a declaration for 'log10'
function.c(143): warning: implicit conversion turns floating-point number into integer: 'double' to 'int' [-Wfloat-conversion]
                        int n = log10(SUCCES) + 1;
                            ~   ~~~~~~~~~~~~~~^~~
function.c(144): warning: implicitly declaring library function 'calloc' with type 'void *(unsigned int, unsigned int)' [-Wimplicit-function-declaration]
                        char *number_array = calloc(n, sizeof(char));
                                             ^
function.c(144): note: include the header <stdlib.h> or explicitly provide a declaration for 'calloc'
function.c(144): warning: implicit conversion changes signedness: 'int' to 'unsigned int' [-Wsign-conversion]
                        char *number_array = calloc(n, sizeof(char));
                                             ~~~~~~ ^
function.c(150): warning: implicitly declaring library function 'strlen' with type 'unsigned int (const char *)' [-Wimplicit-function-declaration]
                        for(i=0; i < strlen(number_array); i++){
                                     ^
function.c(150): note: include the header <string.h> or explicitly provide a declaration for 'strlen'
function.c(126): warning: no previous prototype for function 'EXTI15_10_IRQHandler' [-Wmissing-prototypes]
void EXTI15_10_IRQHandler(void){
     ^
function.c(126): note: declare 'static' if the function is not intended to be used outside of this translation unit
void EXTI15_10_IRQHandler(void){
^
static 
function.c(150): warning: comparison of integers of different signs: 'int' and 'unsigned int' [-Wsign-compare]
                        for(i=0; i < strlen(number_array); i++){
                                 ~ ^ ~~~~~~~~~~~~~~~~~~~~
function.c(168): warning: no previous prototype for function 'TIM2_IRQHandler' [-Wmissing-prototypes]
void TIM2_IRQHandler(void){
     ^
function.c(168): note: declare 'static' if the function is not intended to be used outside of this translation unit
void TIM2_IRQHandler(void){
^
static 
18 warnings generated.
assembling startup_stm32f10x_md.s...
compiling system_stm32f10x.c...
RTE/Device/STM32F103RB/system_stm32f10x.c(167): warning: no previous extern declaration for non-static variable 'AHBPrescTable' [-Wmissing-variable-declarations]
__I uint8_t AHBPrescTable[16] = {0, 0, 0, 0, 0, 0, 0, 0, 1, 2, 3, 4, 6, 7, 8, 9};
            ^
RTE/Device/STM32F103RB/system_stm32f10x.c(167): note: declare 'static' if the variable is not intended to be used outside of this translation unit
__I uint8_t AHBPrescTable[16] = {0, 0, 0, 0, 0, 0, 0, 0, 1, 2, 3, 4, 6, 7, 8, 9};
    ^
1 warning generated.
linking...
Program Size: Code=6292 RO-data=316 RW-data=0 ZI-data=1648  
".\Objects\reflex.axf" - 0 Error(s), 21 Warning(s).

<h2>Software Packages used:</h2>

Package Vendor: ARM
                http://www.keil.com/pack/ARM.CMSIS.5.7.0.pack
                ARM.CMSIS.5.7.0
                CMSIS (Cortex Microcontroller Software Interface Standard)
   * Component: CORE Version: 5.4.0

Package Vendor: Keil
                http://www.keil.com/pack/Keil.STM32F1xx_DFP.2.3.0.pack
                Keil.STM32F1xx_DFP.2.3.0
                STMicroelectronics STM32F1 Series Device Support, Drivers and Examples
   * Component: Startup Version: 1.0.0

<h2>Collection of Component include folders:</h2>
  .\RTE\Device\STM32F103RB
  .\RTE\_Simule
  C:\Users\sbaro\AppData\Local\Arm\Packs\ARM\CMSIS\5.7.0\CMSIS\Core\Include
  C:\Users\sbaro\AppData\Local\Arm\Packs\Keil\STM32F1xx_DFP\2.3.0\Device\Include

<h2>Collection of Component Files used:</h2>

   * Component: ARM::CMSIS:CORE:5.4.0

   * Component: Keil::Device:Startup:1.0.0
      Source file:   Device\Source\system_stm32f10x.c
      Include file:  RTE_Driver\Config\RTE_Device.h
      Source file:   Device\Source\ARM\startup_stm32f10x_md.s
      Source file:   Device\Source\ARM\STM32F1xx_OPT.s
Build Time Elapsed:  00:00:01
</pre>
</body>
</html>
